  Определение проектов для восстановления...
  Все проекты обновлены для восстановления.
C:\Users\moroz\Desktop\solid-zip\src\SolidZip\Properties\GlobalUsings.cs(38,14): warning CS0105: Директива using для "System.Windows" ранее встречалась в этом пространстве имен [C:\Users\moroz\Desktop\solid-zip\src\SolidZip\SolidZip.csproj]
C:\Users\moroz\Desktop\solid-zip\src\SolidZip\Properties\GlobalUsings.cs(39,14): warning CS0105: Директива using для "System.Windows.Controls" ранее встречалась в этом пространстве имен [C:\Users\moroz\Desktop\solid-zip\src\SolidZip\SolidZip.csproj]
C:\Users\moroz\Desktop\solid-zip\src\SolidZip\Properties\GlobalUsings.cs(40,14): warning CS0105: Директива using для "System.Windows.Media" ранее встречалась в этом пространстве имен [C:\Users\moroz\Desktop\solid-zip\src\SolidZip\SolidZip.csproj]
C:\Users\moroz\Desktop\solid-zip\src\SolidZip\Properties\GlobalUsings.cs(42,14): warning CS0105: Директива using для "System.Reflection" ранее встречалась в этом пространстве имен [C:\Users\moroz\Desktop\solid-zip\src\SolidZip\SolidZip.csproj]
C:\Users\moroz\Desktop\solid-zip\src\SolidZip\Properties\GlobalUsings.cs(44,14): warning CS0105: Директива using для "System.Collections.Concurrent" ранее встречалась в этом пространстве имен [C:\Users\moroz\Desktop\solid-zip\src\SolidZip\SolidZip.csproj]
C:\Users\moroz\Desktop\solid-zip\src\SolidZip\Views\MarkupExtensions\ResolveViewAndViewModelExtension.cs(12,52): warning CS8602: Разыменование вероятной пустой ссылки. [C:\Users\moroz\Desktop\solid-zip\src\SolidZip\SolidZip.csproj]
C:\Users\moroz\Desktop\solid-zip\src\SolidZip\Core\Common\RetrySystem.cs(13,27): warning CS0168: Переменная "e" объявлена, но ни разу не использована. [C:\Users\moroz\Desktop\solid-zip\src\SolidZip\SolidZip.csproj]
C:\Users\moroz\Desktop\solid-zip\src\SolidZip\ViewModels\SettingsViewModel.cs(20,12): warning CS8618: поле "_explorerViewStyles", не допускающий значения NULL, должен содержать значение, отличное от NULL, при выходе из конструктора. Рассмотрите возможность добавления модификатора "required" или объявления значения поле, допускающего значение NULL. [C:\Users\moroz\Desktop\solid-zip\src\SolidZip\SolidZip.csproj]
C:\Users\moroz\Desktop\solid-zip\src\SolidZip\ViewModels\SettingsViewModel.cs(20,12): warning CS8618: поле "_localizedExplorerViewStylesDictionary", не допускающий значения NULL, должен содержать значение, отличное от NULL, при выходе из конструктора. Рассмотрите возможность добавления модификатора "required" или объявления значения поле, допускающего значение NULL. [C:\Users\moroz\Desktop\solid-zip\src\SolidZip\SolidZip.csproj]
C:\Users\moroz\Desktop\solid-zip\src\SolidZip\Core\Common\RetrySystem.cs(32,27): warning CS0168: Переменная "e" объявлена, но ни разу не использована. [C:\Users\moroz\Desktop\solid-zip\src\SolidZip\SolidZip.csproj]
C:\Users\moroz\Desktop\solid-zip\src\SolidZip\Startup.cs(27,54): warning CS8600: Преобразование литерала, допускающего значение NULL или возможного значения NULL в тип, не допускающий значение NULL. [C:\Users\moroz\Desktop\solid-zip\src\SolidZip\SolidZip.csproj]
C:\Users\moroz\Desktop\solid-zip\src\SolidZip\App.xaml.cs(6,26): warning CS8618: поле "_logger", не допускающий значения NULL, должен содержать значение, отличное от NULL, при выходе из конструктора. Рассмотрите возможность добавления модификатора "required" или объявления значения поле, допускающего значение NULL. [C:\Users\moroz\Desktop\solid-zip\src\SolidZip\SolidZip.csproj]
C:\Users\moroz\Desktop\solid-zip\src\SolidZip\Views\Behaviors\ItemDoubleClickBehavior.cs(93,16): warning CS8603: Возможно, возврат ссылки, допускающей значение NULL. [C:\Users\moroz\Desktop\solid-zip\src\SolidZip\SolidZip.csproj]
C:\Users\moroz\Desktop\solid-zip\src\SolidZip\Modules\Archiving\ZipArchiveReader.cs(4,21): warning CS8618: поле "_zip", не допускающий значения NULL, должен содержать значение, отличное от NULL, при выходе из конструктора. Рассмотрите возможность добавления модификатора "required" или объявления значения поле, допускающего значение NULL. [C:\Users\moroz\Desktop\solid-zip\src\SolidZip\SolidZip.csproj]
C:\Users\moroz\Desktop\solid-zip\src\SolidZip\Modules\Explorer\ExplorerHistory.cs(43,35): warning CS8604: Возможно, аргумент-ссылка, допускающий значение NULL, для параметра "node" в "void LinkedList<FileEntity>.AddAfter(LinkedListNode<FileEntity> node, LinkedListNode<FileEntity> newNode)". [C:\Users\moroz\Desktop\solid-zip\src\SolidZip\SolidZip.csproj]
C:\Users\moroz\Desktop\solid-zip\src\SolidZip\Modules\Explorer\ExplorerHistory.cs(58,30): warning CS8602: Разыменование вероятной пустой ссылки. [C:\Users\moroz\Desktop\solid-zip\src\SolidZip\SolidZip.csproj]
C:\Users\moroz\Desktop\solid-zip\src\SolidZip\Modules\Explorer\ExplorerHistory.cs(58,30): warning CS8602: Разыменование вероятной пустой ссылки. [C:\Users\moroz\Desktop\solid-zip\src\SolidZip\SolidZip.csproj]
C:\Users\moroz\Desktop\solid-zip\src\SolidZip\Modules\Explorer\ExplorerHistory.cs(71,26): warning CS8602: Разыменование вероятной пустой ссылки. [C:\Users\moroz\Desktop\solid-zip\src\SolidZip\SolidZip.csproj]
C:\Users\moroz\Desktop\solid-zip\src\SolidZip\Modules\Explorer\ExplorerHistory.cs(71,26): warning CS8602: Разыменование вероятной пустой ссылки. [C:\Users\moroz\Desktop\solid-zip\src\SolidZip\SolidZip.csproj]
C:\Users\moroz\Desktop\solid-zip\src\SolidZip\ViewModels\MainViewModel.cs(68,13): warning CS4014: Поскольку этот вызов не ожидается, выполнение текущего метода продолжается до завершения вызова. Попробуйте применить оператор await к результату вызова. [C:\Users\moroz\Desktop\solid-zip\src\SolidZip\SolidZip.csproj]
C:\Users\moroz\Desktop\solid-zip\src\SolidZip\ViewModels\MainViewModel.cs(83,13): warning CS4014: Поскольку этот вызов не ожидается, выполнение текущего метода продолжается до завершения вызова. Попробуйте применить оператор await к результату вызова. [C:\Users\moroz\Desktop\solid-zip\src\SolidZip\SolidZip.csproj]
C:\Users\moroz\Desktop\solid-zip\src\SolidZip\Modules\Explorer\Explorer.cs(32,44): warning CS0168: Переменная "e" объявлена, но ни разу не использована. [C:\Users\moroz\Desktop\solid-zip\src\SolidZip\SolidZip.csproj]
C:\Users\moroz\Desktop\solid-zip\src\SolidZip\Views\MainView.xaml.cs(72,9): warning CS4014: Поскольку этот вызов не ожидается, выполнение текущего метода продолжается до завершения вызова. Попробуйте применить оператор await к результату вызова. [C:\Users\moroz\Desktop\solid-zip\src\SolidZip\SolidZip.csproj]
C:\Users\moroz\Desktop\solid-zip\src\SolidZip\Views\MainView.xaml.cs(38,24): warning CS1998: В данном асинхронном методе отсутствуют операторы await, поэтому метод будет выполняться синхронно. Воспользуйтесь оператором await для ожидания неблокирующих вызовов API или оператором await Task.Run(...) для выполнения связанных с ЦП заданий в фоновом потоке. [C:\Users\moroz\Desktop\solid-zip\src\SolidZip\SolidZip.csproj]
C:\Users\moroz\Desktop\solid-zip\src\SolidZip\Modules\Archiving\ArchiveSupportedExtensions.cs(3,50): warning CS9113: Параметр "extensions" не прочитан. [C:\Users\moroz\Desktop\solid-zip\src\SolidZip\SolidZip.csproj]
C:\Users\moroz\Desktop\solid-zip\src\SolidZip\Core\Utils\ApplicationViewsLoader.cs(7,16): warning CS8603: Возможно, возврат ссылки, допускающей значение NULL. [C:\Users\moroz\Desktop\solid-zip\src\SolidZip\SolidZip.csproj]
C:\Users\moroz\Desktop\solid-zip\src\SolidZip\Modules\LuaModules\LuaEventLoader.cs(3,21): warning CS8618: поле "_progress", не допускающий значения NULL, должен содержать значение, отличное от NULL, при выходе из конструктора. Рассмотрите возможность добавления модификатора "required" или объявления значения поле, допускающего значение NULL. [C:\Users\moroz\Desktop\solid-zip\src\SolidZip\SolidZip.csproj]
C:\Users\moroz\Desktop\solid-zip\src\SolidZip\Modules\LuaModules\LuaUtils\LuaEventRedirector.cs(16,13): warning CS8604: Возможно, аргумент-ссылка, допускающий значение NULL, для параметра "type" в "Delegate Delegate.CreateDelegate(Type type, object? firstArgument, MethodInfo method)". [C:\Users\moroz\Desktop\solid-zip\src\SolidZip\SolidZip.csproj]
C:\Users\moroz\Desktop\solid-zip\src\SolidZip\Modules\LuaModules\LuaGlobalsLoader.cs(78,43): warning CS8604: Возможно, аргумент-ссылка, допускающий значение NULL, для параметра "value" в "void ILuaShared.AddOrUpdate(string name, object value)". [C:\Users\moroz\Desktop\solid-zip\src\SolidZip\SolidZip.csproj]
MSBUILD : warning FodyPackageReference: Fody: The package reference for Costura.Fody is missing the 'compile' part in the IncludeAssets setting; it's recommended to completely remove IncludeAssets [C:\Users\moroz\Desktop\solid-zip\src\SolidZip\SolidZip.csproj]
  SolidZip -> C:\Users\moroz\Desktop\solid-zip\src\SolidZip\bin\Debug\net8.0-windows\SolidZip.dll
C:\Users\moroz\Desktop\solid-zip\tests\SolidZip.Tests\SzLuaTests\EventRaiserTests.cs(71,72): warning CS8604: Возможно, аргумент-ссылка, допускающий значение NULL, для параметра "args" в "ValueTask ILuaEventRaiser.RaiseBackground<string>(string @event, string args)". [C:\Users\moroz\Desktop\solid-zip\tests\SolidZip.Tests\SolidZip.Tests.csproj]
  SolidZip.Tests -> C:\Users\moroz\Desktop\solid-zip\tests\SolidZip.Tests\bin\Debug\net8.0-windows\SolidZip.Tests.dll
Тестовый запуск для C:\Users\moroz\Desktop\solid-zip\tests\SolidZip.Tests\bin\Debug\net8.0-windows\SolidZip.Tests.dll (.NETCoreApp,Version=v8.0)
Версия VSTest 17.11.1 (x64)

Запуск выполнения тестов; подождите...
Общее количество тестовых файлов (1), соответствующих указанному шаблону.

Пройден!   : не пройдено     0, пройдено    21, пропущено     0, всего    21, длительность 320 ms. - SolidZip.Tests.dll (net8.0)
