  ╨Ю╨┐╤А╨╡╨┤╨╡╨╗╨╡╨╜╨╕╨╡ ╨┐╤А╨╛╨╡╨║╤В╨╛╨▓ ╨┤╨╗╤П ╨▓╨╛╤Б╤Б╤В╨░╨╜╨╛╨▓╨╗╨╡╨╜╨╕╤П...
  ╨Т╤Б╨╡ ╨┐╤А╨╛╨╡╨║╤В╤Л ╨╛╨▒╨╜╨╛╨▓╨╗╨╡╨╜╤Л ╨┤╨╗╤П ╨▓╨╛╤Б╤Б╤В╨░╨╜╨╛╨▓╨╗╨╡╨╜╨╕╤П.
C:\Users\moroz\Desktop\solid-zip\src\SolidZip\Properties\GlobalUsings.cs(38,14): warning CS0105: ╨Ф╨╕╤А╨╡╨║╤В╨╕╨▓╨░ using ╨┤╨╗╤П "System.Windows" ╤А╨░╨╜╨╡╨╡ ╨▓╤Б╤В╤А╨╡╤З╨░╨╗╨░╤Б╤М ╨▓ ╤Н╤В╨╛╨╝ ╨┐╤А╨╛╤Б╤В╤А╨░╨╜╤Б╤В╨▓╨╡ ╨╕╨╝╨╡╨╜ [C:\Users\moroz\Desktop\solid-zip\src\SolidZip\SolidZip_5bogxl1o_wpftmp.csproj]
C:\Users\moroz\Desktop\solid-zip\src\SolidZip\Properties\GlobalUsings.cs(39,14): warning CS0105: ╨Ф╨╕╤А╨╡╨║╤В╨╕╨▓╨░ using ╨┤╨╗╤П "System.Windows.Controls" ╤А╨░╨╜╨╡╨╡ ╨▓╤Б╤В╤А╨╡╤З╨░╨╗╨░╤Б╤М ╨▓ ╤Н╤В╨╛╨╝ ╨┐╤А╨╛╤Б╤В╤А╨░╨╜╤Б╤В╨▓╨╡ ╨╕╨╝╨╡╨╜ [C:\Users\moroz\Desktop\solid-zip\src\SolidZip\SolidZip_5bogxl1o_wpftmp.csproj]
C:\Users\moroz\Desktop\solid-zip\src\SolidZip\Properties\GlobalUsings.cs(40,14): warning CS0105: ╨Ф╨╕╤А╨╡╨║╤В╨╕╨▓╨░ using ╨┤╨╗╤П "System.Windows.Media" ╤А╨░╨╜╨╡╨╡ ╨▓╤Б╤В╤А╨╡╤З╨░╨╗╨░╤Б╤М ╨▓ ╤Н╤В╨╛╨╝ ╨┐╤А╨╛╤Б╤В╤А╨░╨╜╤Б╤В╨▓╨╡ ╨╕╨╝╨╡╨╜ [C:\Users\moroz\Desktop\solid-zip\src\SolidZip\SolidZip_5bogxl1o_wpftmp.csproj]
C:\Users\moroz\Desktop\solid-zip\src\SolidZip\Properties\GlobalUsings.cs(42,14): warning CS0105: ╨Ф╨╕╤А╨╡╨║╤В╨╕╨▓╨░ using ╨┤╨╗╤П "System.Reflection" ╤А╨░╨╜╨╡╨╡ ╨▓╤Б╤В╤А╨╡╤З╨░╨╗╨░╤Б╤М ╨▓ ╤Н╤В╨╛╨╝ ╨┐╤А╨╛╤Б╤В╤А╨░╨╜╤Б╤В╨▓╨╡ ╨╕╨╝╨╡╨╜ [C:\Users\moroz\Desktop\solid-zip\src\SolidZip\SolidZip_5bogxl1o_wpftmp.csproj]
C:\Users\moroz\Desktop\solid-zip\src\SolidZip\Properties\GlobalUsings.cs(44,14): warning CS0105: ╨Ф╨╕╤А╨╡╨║╤В╨╕╨▓╨░ using ╨┤╨╗╤П "System.Collections.Concurrent" ╤А╨░╨╜╨╡╨╡ ╨▓╤Б╤В╤А╨╡╤З╨░╨╗╨░╤Б╤М ╨▓ ╤Н╤В╨╛╨╝ ╨┐╤А╨╛╤Б╤В╤А╨░╨╜╤Б╤В╨▓╨╡ ╨╕╨╝╨╡╨╜ [C:\Users\moroz\Desktop\solid-zip\src\SolidZip\SolidZip_5bogxl1o_wpftmp.csproj]
C:\Users\moroz\Desktop\solid-zip\src\SolidZip\Views\MarkupExtensions\ResolveViewAndViewModelExtension.cs(12,52): warning CS8602: ╨а╨░╨╖╤Л╨╝╨╡╨╜╨╛╨▓╨░╨╜╨╕╨╡ ╨▓╨╡╤А╨╛╤П╤В╨╜╨╛╨╣ ╨┐╤Г╤Б╤В╨╛╨╣ ╤Б╤Б╤Л╨╗╨║╨╕. [C:\Users\moroz\Desktop\solid-zip\src\SolidZip\SolidZip_5bogxl1o_wpftmp.csproj]
C:\Users\moroz\Desktop\solid-zip\src\SolidZip\Core\Common\RetrySystem.cs(13,27): warning CS0168: ╨Я╨╡╤А╨╡╨╝╨╡╨╜╨╜╨░╤П "e" ╨╛╨▒╤К╤П╨▓╨╗╨╡╨╜╨░, ╨╜╨╛ ╨╜╨╕ ╤А╨░╨╖╤Г ╨╜╨╡ ╨╕╤Б╨┐╨╛╨╗╤М╨╖╨╛╨▓╨░╨╜╨░. [C:\Users\moroz\Desktop\solid-zip\src\SolidZip\SolidZip_5bogxl1o_wpftmp.csproj]
C:\Users\moroz\Desktop\solid-zip\src\SolidZip\Core\Common\RetrySystem.cs(32,27): warning CS0168: ╨Я╨╡╤А╨╡╨╝╨╡╨╜╨╜╨░╤П "e" ╨╛╨▒╤К╤П╨▓╨╗╨╡╨╜╨░, ╨╜╨╛ ╨╜╨╕ ╤А╨░╨╖╤Г ╨╜╨╡ ╨╕╤Б╨┐╨╛╨╗╤М╨╖╨╛╨▓╨░╨╜╨░. [C:\Users\moroz\Desktop\solid-zip\src\SolidZip\SolidZip_5bogxl1o_wpftmp.csproj]
C:\Users\moroz\Desktop\solid-zip\src\SolidZip\Core\Utils\ApplicationViewsLoader.cs(7,16): warning CS8603: ╨Т╨╛╨╖╨╝╨╛╨╢╨╜╨╛, ╨▓╨╛╨╖╨▓╤А╨░╤В ╤Б╤Б╤Л╨╗╨║╨╕, ╨┤╨╛╨┐╤Г╤Б╨║╨░╤О╤Й╨╡╨╣ ╨╖╨╜╨░╤З╨╡╨╜╨╕╨╡ NULL. [C:\Users\moroz\Desktop\solid-zip\src\SolidZip\SolidZip_5bogxl1o_wpftmp.csproj]
C:\Users\moroz\Desktop\solid-zip\src\SolidZip\App.xaml.cs(6,26): warning CS8618: ╨┐╨╛╨╗╨╡ "_logger", ╨╜╨╡ ╨┤╨╛╨┐╤Г╤Б╨║╨░╤О╤Й╨╕╨╣ ╨╖╨╜╨░╤З╨╡╨╜╨╕╤П NULL, ╨┤╨╛╨╗╨╢╨╡╨╜ ╤Б╨╛╨┤╨╡╤А╨╢╨░╤В╤М ╨╖╨╜╨░╤З╨╡╨╜╨╕╨╡, ╨╛╤В╨╗╨╕╤З╨╜╨╛╨╡ ╨╛╤В NULL, ╨┐╤А╨╕ ╨▓╤Л╤Е╨╛╨┤╨╡ ╨╕╨╖ ╨║╨╛╨╜╤Б╤В╤А╤Г╨║╤В╨╛╤А╨░. ╨а╨░╤Б╤Б╨╝╨╛╤В╤А╨╕╤В╨╡ ╨▓╨╛╨╖╨╝╨╛╨╢╨╜╨╛╤Б╤В╤М ╨┤╨╛╨▒╨░╨▓╨╗╨╡╨╜╨╕╤П ╨╝╨╛╨┤╨╕╤Д╨╕╨║╨░╤В╨╛╤А╨░ "required" ╨╕╨╗╨╕ ╨╛╨▒╤К╤П╨▓╨╗╨╡╨╜╨╕╤П ╨╖╨╜╨░╤З╨╡╨╜╨╕╤П ╨┐╨╛╨╗╨╡, ╨┤╨╛╨┐╤Г╤Б╨║╨░╤О╤Й╨╡╨│╨╛ ╨╖╨╜╨░╤З╨╡╨╜╨╕╨╡ NULL. [C:\Users\moroz\Desktop\solid-zip\src\SolidZip\SolidZip_5bogxl1o_wpftmp.csproj]
C:\Users\moroz\Desktop\solid-zip\src\SolidZip\Views\MainView.xaml.cs(36,13): warning CS8604: ╨Т╨╛╨╖╨╝╨╛╨╢╨╜╨╛, ╨░╤А╨│╤Г╨╝╨╡╨╜╤В-╤Б╤Б╤Л╨╗╨║╨░, ╨┤╨╛╨┐╤Г╤Б╨║╨░╤О╤Й╨╕╨╣ ╨╖╨╜╨░╤З╨╡╨╜╨╕╨╡ NULL, ╨┤╨╗╤П ╨┐╨░╤А╨░╨╝╨╡╤В╤А╨░ "loadingStyle" ╨▓ "void LuaMenuItemsLoader.LoadMenuItems(ItemsControl menuItem, Style? styleToUse, Style loadingStyle, object? args = null)". [C:\Users\moroz\Desktop\solid-zip\src\SolidZip\SolidZip_5bogxl1o_wpftmp.csproj]
C:\Users\moroz\Desktop\solid-zip\src\SolidZip\Modules\Archiving\ZipArchiveReader.cs(4,21): warning CS8618: ╨┐╨╛╨╗╨╡ "_zip", ╨╜╨╡ ╨┤╨╛╨┐╤Г╤Б╨║╨░╤О╤Й╨╕╨╣ ╨╖╨╜╨░╤З╨╡╨╜╨╕╤П NULL, ╨┤╨╛╨╗╨╢╨╡╨╜ ╤Б╨╛╨┤╨╡╤А╨╢╨░╤В╤М ╨╖╨╜╨░╤З╨╡╨╜╨╕╨╡, ╨╛╤В╨╗╨╕╤З╨╜╨╛╨╡ ╨╛╤В NULL, ╨┐╤А╨╕ ╨▓╤Л╤Е╨╛╨┤╨╡ ╨╕╨╖ ╨║╨╛╨╜╤Б╤В╤А╤Г╨║╤В╨╛╤А╨░. ╨а╨░╤Б╤Б╨╝╨╛╤В╤А╨╕╤В╨╡ ╨▓╨╛╨╖╨╝╨╛╨╢╨╜╨╛╤Б╤В╤М ╨┤╨╛╨▒╨░╨▓╨╗╨╡╨╜╨╕╤П ╨╝╨╛╨┤╨╕╤Д╨╕╨║╨░╤В╨╛╤А╨░ "required" ╨╕╨╗╨╕ ╨╛╨▒╤К╤П╨▓╨╗╨╡╨╜╨╕╤П ╨╖╨╜╨░╤З╨╡╨╜╨╕╤П ╨┐╨╛╨╗╨╡, ╨┤╨╛╨┐╤Г╤Б╨║╨░╤О╤Й╨╡╨│╨╛ ╨╖╨╜╨░╤З╨╡╨╜╨╕╨╡ NULL. [C:\Users\moroz\Desktop\solid-zip\src\SolidZip\SolidZip_5bogxl1o_wpftmp.csproj]
C:\Users\moroz\Desktop\solid-zip\src\SolidZip\Modules\Archiving\ArchiveDirectorySearcher.cs(3,73): warning CS9113: ╨Я╨░╤А╨░╨╝╨╡╤В╤А "logger" ╨╜╨╡ ╨┐╤А╨╛╤З╨╕╤В╨░╨╜. [C:\Users\moroz\Desktop\solid-zip\src\SolidZip\SolidZip_5bogxl1o_wpftmp.csproj]
C:\Users\moroz\Desktop\solid-zip\src\SolidZip\Modules\Archiving\ArchiveDirectorySearcher.cs(10,13): warning CS0219: ╨Я╨╡╤А╨╡╨╝╨╡╨╜╨╜╨╛╨╣ "mustAddRootDirectory" ╨┐╤А╨╕╤Б╨▓╨╛╨╡╨╜╨╛ ╨╖╨╜╨░╤З╨╡╨╜╨╕╨╡, ╨╜╨╛ ╨╛╨╜╨╛ ╨╜╨╕ ╤А╨░╨╖╤Г ╨╜╨╡ ╨╕╤Б╨┐╨╛╨╗╤М╨╖╨╛╨▓╨░╨╜╨╛. [C:\Users\moroz\Desktop\solid-zip\src\SolidZip\SolidZip_5bogxl1o_wpftmp.csproj]
C:\Users\moroz\Desktop\solid-zip\src\SolidZip\ViewModels\MainViewModel.cs(36,9): warning CS4014: ╨Я╨╛╤Б╨║╨╛╨╗╤М╨║╤Г ╤Н╤В╨╛╤В ╨▓╤Л╨╖╨╛╨▓ ╨╜╨╡ ╨╛╨╢╨╕╨┤╨░╨╡╤В╤Б╤П, ╨▓╤Л╨┐╨╛╨╗╨╜╨╡╨╜╨╕╨╡ ╤В╨╡╨║╤Г╤Й╨╡╨│╨╛ ╨╝╨╡╤В╨╛╨┤╨░ ╨┐╤А╨╛╨┤╨╛╨╗╨╢╨░╨╡╤В╤Б╤П ╨┤╨╛ ╨╖╨░╨▓╨╡╤А╤И╨╡╨╜╨╕╤П ╨▓╤Л╨╖╨╛╨▓╨░. ╨Я╨╛╨┐╤А╨╛╨▒╤Г╨╣╤В╨╡ ╨┐╤А╨╕╨╝╨╡╨╜╨╕╤В╤М ╨╛╨┐╨╡╤А╨░╤В╨╛╤А await ╨║ ╤А╨╡╨╖╤Г╨╗╤М╤В╨░╤В╤Г ╨▓╤Л╨╖╨╛╨▓╨░. [C:\Users\moroz\Desktop\solid-zip\src\SolidZip\SolidZip_5bogxl1o_wpftmp.csproj]
C:\Users\moroz\Desktop\solid-zip\src\SolidZip\ViewModels\SettingsViewModel.cs(31,12): warning CS8618: ╨┐╨╛╨╗╨╡ "_explorerViewStyles", ╨╜╨╡ ╨┤╨╛╨┐╤Г╤Б╨║╨░╤О╤Й╨╕╨╣ ╨╖╨╜╨░╤З╨╡╨╜╨╕╤П NULL, ╨┤╨╛╨╗╨╢╨╡╨╜ ╤Б╨╛╨┤╨╡╤А╨╢╨░╤В╤М ╨╖╨╜╨░╤З╨╡╨╜╨╕╨╡, ╨╛╤В╨╗╨╕╤З╨╜╨╛╨╡ ╨╛╤В NULL, ╨┐╤А╨╕ ╨▓╤Л╤Е╨╛╨┤╨╡ ╨╕╨╖ ╨║╨╛╨╜╤Б╤В╤А╤Г╨║╤В╨╛╤А╨░. ╨а╨░╤Б╤Б╨╝╨╛╤В╤А╨╕╤В╨╡ ╨▓╨╛╨╖╨╝╨╛╨╢╨╜╨╛╤Б╤В╤М ╨┤╨╛╨▒╨░╨▓╨╗╨╡╨╜╨╕╤П ╨╝╨╛╨┤╨╕╤Д╨╕╨║╨░╤В╨╛╤А╨░ "required" ╨╕╨╗╨╕ ╨╛╨▒╤К╤П╨▓╨╗╨╡╨╜╨╕╤П ╨╖╨╜╨░╤З╨╡╨╜╨╕╤П ╨┐╨╛╨╗╨╡, ╨┤╨╛╨┐╤Г╤Б╨║╨░╤О╤Й╨╡╨│╨╛ ╨╖╨╜╨░╤З╨╡╨╜╨╕╨╡ NULL. [C:\Users\moroz\Desktop\solid-zip\src\SolidZip\SolidZip_5bogxl1o_wpftmp.csproj]
C:\Users\moroz\Desktop\solid-zip\src\SolidZip\ViewModels\SettingsViewModel.cs(31,12): warning CS8618: ╨┐╨╛╨╗╨╡ "_currentCulture", ╨╜╨╡ ╨┤╨╛╨┐╤Г╤Б╨║╨░╤О╤Й╨╕╨╣ ╨╖╨╜╨░╤З╨╡╨╜╨╕╤П NULL, ╨┤╨╛╨╗╨╢╨╡╨╜ ╤Б╨╛╨┤╨╡╤А╨╢╨░╤В╤М ╨╖╨╜╨░╤З╨╡╨╜╨╕╨╡, ╨╛╤В╨╗╨╕╤З╨╜╨╛╨╡ ╨╛╤В NULL, ╨┐╤А╨╕ ╨▓╤Л╤Е╨╛╨┤╨╡ ╨╕╨╖ ╨║╨╛╨╜╤Б╤В╤А╤Г╨║╤В╨╛╤А╨░. ╨а╨░╤Б╤Б╨╝╨╛╤В╤А╨╕╤В╨╡ ╨▓╨╛╨╖╨╝╨╛╨╢╨╜╨╛╤Б╤В╤М ╨┤╨╛╨▒╨░╨▓╨╗╨╡╨╜╨╕╤П ╨╝╨╛╨┤╨╕╤Д╨╕╨║╨░╤В╨╛╤А╨░ "required" ╨╕╨╗╨╕ ╨╛╨▒╤К╤П╨▓╨╗╨╡╨╜╨╕╤П ╨╖╨╜╨░╤З╨╡╨╜╨╕╤П ╨┐╨╛╨╗╨╡, ╨┤╨╛╨┐╤Г╤Б╨║╨░╤О╤Й╨╡╨│╨╛ ╨╖╨╜╨░╤З╨╡╨╜╨╕╨╡ NULL. [C:\Users\moroz\Desktop\solid-zip\src\SolidZip\SolidZip_5bogxl1o_wpftmp.csproj]
C:\Users\moroz\Desktop\solid-zip\src\SolidZip\ViewModels\SettingsViewModel.cs(31,12): warning CS8618: ╨┐╨╛╨╗╨╡ "_explorerElementsView", ╨╜╨╡ ╨┤╨╛╨┐╤Г╤Б╨║╨░╤О╤Й╨╕╨╣ ╨╖╨╜╨░╤З╨╡╨╜╨╕╤П NULL, ╨┤╨╛╨╗╨╢╨╡╨╜ ╤Б╨╛╨┤╨╡╤А╨╢╨░╤В╤М ╨╖╨╜╨░╤З╨╡╨╜╨╕╨╡, ╨╛╤В╨╗╨╕╤З╨╜╨╛╨╡ ╨╛╤В NULL, ╨┐╤А╨╕ ╨▓╤Л╤Е╨╛╨┤╨╡ ╨╕╨╖ ╨║╨╛╨╜╤Б╤В╤А╤Г╨║╤В╨╛╤А╨░. ╨а╨░╤Б╤Б╨╝╨╛╤В╤А╨╕╤В╨╡ ╨▓╨╛╨╖╨╝╨╛╨╢╨╜╨╛╤Б╤В╤М ╨┤╨╛╨▒╨░╨▓╨╗╨╡╨╜╨╕╤П ╨╝╨╛╨┤╨╕╤Д╨╕╨║╨░╤В╨╛╤А╨░ "required" ╨╕╨╗╨╕ ╨╛╨▒╤К╤П╨▓╨╗╨╡╨╜╨╕╤П ╨╖╨╜╨░╤З╨╡╨╜╨╕╤П ╨┐╨╛╨╗╨╡, ╨┤╨╛╨┐╤Г╤Б╨║╨░╤О╤Й╨╡╨│╨╛ ╨╖╨╜╨░╤З╨╡╨╜╨╕╨╡ NULL. [C:\Users\moroz\Desktop\solid-zip\src\SolidZip\SolidZip_5bogxl1o_wpftmp.csproj]
C:\Users\moroz\Desktop\solid-zip\src\SolidZip\ViewModels\SettingsViewModel.cs(31,12): warning CS8618: ╨┐╨╛╨╗╨╡ "_currentTheme", ╨╜╨╡ ╨┤╨╛╨┐╤Г╤Б╨║╨░╤О╤Й╨╕╨╣ ╨╖╨╜╨░╤З╨╡╨╜╨╕╤П NULL, ╨┤╨╛╨╗╨╢╨╡╨╜ ╤Б╨╛╨┤╨╡╤А╨╢╨░╤В╤М ╨╖╨╜╨░╤З╨╡╨╜╨╕╨╡, ╨╛╤В╨╗╨╕╤З╨╜╨╛╨╡ ╨╛╤В NULL, ╨┐╤А╨╕ ╨▓╤Л╤Е╨╛╨┤╨╡ ╨╕╨╖ ╨║╨╛╨╜╤Б╤В╤А╤Г╨║╤В╨╛╤А╨░. ╨а╨░╤Б╤Б╨╝╨╛╤В╤А╨╕╤В╨╡ ╨▓╨╛╨╖╨╝╨╛╨╢╨╜╨╛╤Б╤В╤М ╨┤╨╛╨▒╨░╨▓╨╗╨╡╨╜╨╕╤П ╨╝╨╛╨┤╨╕╤Д╨╕╨║╨░╤В╨╛╤А╨░ "required" ╨╕╨╗╨╕ ╨╛╨▒╤К╤П╨▓╨╗╨╡╨╜╨╕╤П ╨╖╨╜╨░╤З╨╡╨╜╨╕╤П ╨┐╨╛╨╗╨╡, ╨┤╨╛╨┐╤Г╤Б╨║╨░╤О╤Й╨╡╨│╨╛ ╨╖╨╜╨░╤З╨╡╨╜╨╕╨╡ NULL. [C:\Users\moroz\Desktop\solid-zip\src\SolidZip\SolidZip_5bogxl1o_wpftmp.csproj]
C:\Users\moroz\Desktop\solid-zip\src\SolidZip\ViewModels\SettingsViewModel.cs(31,12): warning CS8618: ╨┐╨╛╨╗╨╡ "_rootDirectoryAdditionalContent", ╨╜╨╡ ╨┤╨╛╨┐╤Г╤Б╨║╨░╤О╤Й╨╕╨╣ ╨╖╨╜╨░╤З╨╡╨╜╨╕╤П NULL, ╨┤╨╛╨╗╨╢╨╡╨╜ ╤Б╨╛╨┤╨╡╤А╨╢╨░╤В╤М ╨╖╨╜╨░╤З╨╡╨╜╨╕╨╡, ╨╛╤В╨╗╨╕╤З╨╜╨╛╨╡ ╨╛╤В NULL, ╨┐╤А╨╕ ╨▓╤Л╤Е╨╛╨┤╨╡ ╨╕╨╖ ╨║╨╛╨╜╤Б╤В╤А╤Г╨║╤В╨╛╤А╨░. ╨а╨░╤Б╤Б╨╝╨╛╤В╤А╨╕╤В╨╡ ╨▓╨╛╨╖╨╝╨╛╨╢╨╜╨╛╤Б╤В╤М ╨┤╨╛╨▒╨░╨▓╨╗╨╡╨╜╨╕╤П ╨╝╨╛╨┤╨╕╤Д╨╕╨║╨░╤В╨╛╤А╨░ "required" ╨╕╨╗╨╕ ╨╛╨▒╤К╤П╨▓╨╗╨╡╨╜╨╕╤П ╨╖╨╜╨░╤З╨╡╨╜╨╕╤П ╨┐╨╛╨╗╨╡, ╨┤╨╛╨┐╤Г╤Б╨║╨░╤О╤Й╨╡╨│╨╛ ╨╖╨╜╨░╤З╨╡╨╜╨╕╨╡ NULL. [C:\Users\moroz\Desktop\solid-zip\src\SolidZip\SolidZip_5bogxl1o_wpftmp.csproj]
C:\Users\moroz\Desktop\solid-zip\src\SolidZip\ViewModels\SettingsViewModel.cs(31,12): warning CS8618: ╨┐╨╛╨╗╨╡ "_localizedExplorerViewStylesDictionary", ╨╜╨╡ ╨┤╨╛╨┐╤Г╤Б╨║╨░╤О╤Й╨╕╨╣ ╨╖╨╜╨░╤З╨╡╨╜╨╕╤П NULL, ╨┤╨╛╨╗╨╢╨╡╨╜ ╤Б╨╛╨┤╨╡╤А╨╢╨░╤В╤М ╨╖╨╜╨░╤З╨╡╨╜╨╕╨╡, ╨╛╤В╨╗╨╕╤З╨╜╨╛╨╡ ╨╛╤В NULL, ╨┐╤А╨╕ ╨▓╤Л╤Е╨╛╨┤╨╡ ╨╕╨╖ ╨║╨╛╨╜╤Б╤В╤А╤Г╨║╤В╨╛╤А╨░. ╨а╨░╤Б╤Б╨╝╨╛╤В╤А╨╕╤В╨╡ ╨▓╨╛╨╖╨╝╨╛╨╢╨╜╨╛╤Б╤В╤М ╨┤╨╛╨▒╨░╨▓╨╗╨╡╨╜╨╕╤П ╨╝╨╛╨┤╨╕╤Д╨╕╨║╨░╤В╨╛╤А╨░ "required" ╨╕╨╗╨╕ ╨╛╨▒╤К╤П╨▓╨╗╨╡╨╜╨╕╤П ╨╖╨╜╨░╤З╨╡╨╜╨╕╤П ╨┐╨╛╨╗╨╡, ╨┤╨╛╨┐╤Г╤Б╨║╨░╤О╤Й╨╡╨│╨╛ ╨╖╨╜╨░╤З╨╡╨╜╨╕╨╡ NULL. [C:\Users\moroz\Desktop\solid-zip\src\SolidZip\SolidZip_5bogxl1o_wpftmp.csproj]
C:\Users\moroz\Desktop\solid-zip\src\SolidZip\Modules\Explorer\ExplorerHistory.cs(43,35): warning CS8604: ╨Т╨╛╨╖╨╝╨╛╨╢╨╜╨╛, ╨░╤А╨│╤Г╨╝╨╡╨╜╤В-╤Б╤Б╤Л╨╗╨║╨░, ╨┤╨╛╨┐╤Г╤Б╨║╨░╤О╤Й╨╕╨╣ ╨╖╨╜╨░╤З╨╡╨╜╨╕╨╡ NULL, ╨┤╨╗╤П ╨┐╨░╤А╨░╨╝╨╡╤В╤А╨░ "node" ╨▓ "void LinkedList<FileEntity>.AddAfter(LinkedListNode<FileEntity> node, LinkedListNode<FileEntity> newNode)". [C:\Users\moroz\Desktop\solid-zip\src\SolidZip\SolidZip_5bogxl1o_wpftmp.csproj]
C:\Users\moroz\Desktop\solid-zip\src\SolidZip\Modules\Explorer\ExplorerHistory.cs(58,30): warning CS8602: ╨а╨░╨╖╤Л╨╝╨╡╨╜╨╛╨▓╨░╨╜╨╕╨╡ ╨▓╨╡╤А╨╛╤П╤В╨╜╨╛╨╣ ╨┐╤Г╤Б╤В╨╛╨╣ ╤Б╤Б╤Л╨╗╨║╨╕. [C:\Users\moroz\Desktop\solid-zip\src\SolidZip\SolidZip_5bogxl1o_wpftmp.csproj]
C:\Users\moroz\Desktop\solid-zip\src\SolidZip\Modules\Explorer\ExplorerHistory.cs(58,30): warning CS8602: ╨а╨░╨╖╤Л╨╝╨╡╨╜╨╛╨▓╨░╨╜╨╕╨╡ ╨▓╨╡╤А╨╛╤П╤В╨╜╨╛╨╣ ╨┐╤Г╤Б╤В╨╛╨╣ ╤Б╤Б╤Л╨╗╨║╨╕. [C:\Users\moroz\Desktop\solid-zip\src\SolidZip\SolidZip_5bogxl1o_wpftmp.csproj]
C:\Users\moroz\Desktop\solid-zip\src\SolidZip\Modules\Explorer\ExplorerHistory.cs(71,26): warning CS8602: ╨а╨░╨╖╤Л╨╝╨╡╨╜╨╛╨▓╨░╨╜╨╕╨╡ ╨▓╨╡╤А╨╛╤П╤В╨╜╨╛╨╣ ╨┐╤Г╤Б╤В╨╛╨╣ ╤Б╤Б╤Л╨╗╨║╨╕. [C:\Users\moroz\Desktop\solid-zip\src\SolidZip\SolidZip_5bogxl1o_wpftmp.csproj]
C:\Users\moroz\Desktop\solid-zip\src\SolidZip\Modules\Explorer\ExplorerHistory.cs(71,26): warning CS8602: ╨а╨░╨╖╤Л╨╝╨╡╨╜╨╛╨▓╨░╨╜╨╕╨╡ ╨▓╨╡╤А╨╛╤П╤В╨╜╨╛╨╣ ╨┐╤Г╤Б╤В╨╛╨╣ ╤Б╤Б╤Л╨╗╨║╨╕. [C:\Users\moroz\Desktop\solid-zip\src\SolidZip\SolidZip_5bogxl1o_wpftmp.csproj]
C:\Users\moroz\Desktop\solid-zip\src\SolidZip\Startup.cs(30,54): warning CS8600: ╨Я╤А╨╡╨╛╨▒╤А╨░╨╖╨╛╨▓╨░╨╜╨╕╨╡ ╨╗╨╕╤В╨╡╤А╨░╨╗╨░, ╨┤╨╛╨┐╤Г╤Б╨║╨░╤О╤Й╨╡╨│╨╛ ╨╖╨╜╨░╤З╨╡╨╜╨╕╨╡ NULL ╨╕╨╗╨╕ ╨▓╨╛╨╖╨╝╨╛╨╢╨╜╨╛╨│╨╛ ╨╖╨╜╨░╤З╨╡╨╜╨╕╤П NULL ╨▓ ╤В╨╕╨┐, ╨╜╨╡ ╨┤╨╛╨┐╤Г╤Б╨║╨░╤О╤Й╨╕╨╣ ╨╖╨╜╨░╤З╨╡╨╜╨╕╨╡ NULL. [C:\Users\moroz\Desktop\solid-zip\src\SolidZip\SolidZip_5bogxl1o_wpftmp.csproj]
C:\Users\moroz\Desktop\solid-zip\src\SolidZip\ViewModels\MainViewModel.cs(72,13): warning CS4014: ╨Я╨╛╤Б╨║╨╛╨╗╤М╨║╤Г ╤Н╤В╨╛╤В ╨▓╤Л╨╖╨╛╨▓ ╨╜╨╡ ╨╛╨╢╨╕╨┤╨░╨╡╤В╤Б╤П, ╨▓╤Л╨┐╨╛╨╗╨╜╨╡╨╜╨╕╨╡ ╤В╨╡╨║╤Г╤Й╨╡╨│╨╛ ╨╝╨╡╤В╨╛╨┤╨░ ╨┐╤А╨╛╨┤╨╛╨╗╨╢╨░╨╡╤В╤Б╤П ╨┤╨╛ ╨╖╨░╨▓╨╡╤А╤И╨╡╨╜╨╕╤П ╨▓╤Л╨╖╨╛╨▓╨░. ╨Я╨╛╨┐╤А╨╛╨▒╤Г╨╣╤В╨╡ ╨┐╤А╨╕╨╝╨╡╨╜╨╕╤В╤М ╨╛╨┐╨╡╤А╨░╤В╨╛╤А await ╨║ ╤А╨╡╨╖╤Г╨╗╤М╤В╨░╤В╤Г ╨▓╤Л╨╖╨╛╨▓╨░. [C:\Users\moroz\Desktop\solid-zip\src\SolidZip\SolidZip_5bogxl1o_wpftmp.csproj]
C:\Users\moroz\Desktop\solid-zip\src\SolidZip\Views\Behaviors\ItemDoubleClickBehavior.cs(93,16): warning CS8603: ╨Т╨╛╨╖╨╝╨╛╨╢╨╜╨╛, ╨▓╨╛╨╖╨▓╤А╨░╤В ╤Б╤Б╤Л╨╗╨║╨╕, ╨┤╨╛╨┐╤Г╤Б╨║╨░╤О╤Й╨╡╨╣ ╨╖╨╜╨░╤З╨╡╨╜╨╕╨╡ NULL. [C:\Users\moroz\Desktop\solid-zip\src\SolidZip\SolidZip_5bogxl1o_wpftmp.csproj]
C:\Users\moroz\Desktop\solid-zip\src\SolidZip\ViewModels\MainViewModel.cs(87,13): warning CS4014: ╨Я╨╛╤Б╨║╨╛╨╗╤М╨║╤Г ╤Н╤В╨╛╤В ╨▓╤Л╨╖╨╛╨▓ ╨╜╨╡ ╨╛╨╢╨╕╨┤╨░╨╡╤В╤Б╤П, ╨▓╤Л╨┐╨╛╨╗╨╜╨╡╨╜╨╕╨╡ ╤В╨╡╨║╤Г╤Й╨╡╨│╨╛ ╨╝╨╡╤В╨╛╨┤╨░ ╨┐╤А╨╛╨┤╨╛╨╗╨╢╨░╨╡╤В╤Б╤П ╨┤╨╛ ╨╖╨░╨▓╨╡╤А╤И╨╡╨╜╨╕╤П ╨▓╤Л╨╖╨╛╨▓╨░. ╨Я╨╛╨┐╤А╨╛╨▒╤Г╨╣╤В╨╡ ╨┐╤А╨╕╨╝╨╡╨╜╨╕╤В╤М ╨╛╨┐╨╡╤А╨░╤В╨╛╤А await ╨║ ╤А╨╡╨╖╤Г╨╗╤М╤В╨░╤В╤Г ╨▓╤Л╨╖╨╛╨▓╨░. [C:\Users\moroz\Desktop\solid-zip\src\SolidZip\SolidZip_5bogxl1o_wpftmp.csproj]
C:\Users\moroz\Desktop\solid-zip\src\SolidZip\Modules\Explorer\Explorer.cs(35,44): warning CS0168: ╨Я╨╡╤А╨╡╨╝╨╡╨╜╨╜╨░╤П "e" ╨╛╨▒╤К╤П╨▓╨╗╨╡╨╜╨░, ╨╜╨╛ ╨╜╨╕ ╤А╨░╨╖╤Г ╨╜╨╡ ╨╕╤Б╨┐╨╛╨╗╤М╨╖╨╛╨▓╨░╨╜╨░. [C:\Users\moroz\Desktop\solid-zip\src\SolidZip\SolidZip_5bogxl1o_wpftmp.csproj]
C:\Users\moroz\Desktop\solid-zip\src\SolidZip\Modules\StateMachines\ExplorerStateMachine.cs(67,70): warning CS8604: ╨Т╨╛╨╖╨╝╨╛╨╢╨╜╨╛, ╨░╤А╨│╤Г╨╝╨╡╨╜╤В-╤Б╤Б╤Л╨╗╨║╨░, ╨┤╨╛╨┐╤Г╤Б╨║╨░╤О╤Й╨╕╨╣ ╨╖╨╜╨░╤З╨╡╨╜╨╕╨╡ NULL, ╨┤╨╗╤П ╨┐╨░╤А╨░╨╝╨╡╤В╤А╨░ "archivePath" ╨▓ "FileEntity IArchiveDirectorySearcher.Search(string path, string pattern, string archivePath, IArchiveReader reader)". [C:\Users\moroz\Desktop\solid-zip\src\SolidZip\SolidZip_5bogxl1o_wpftmp.csproj]
C:\Users\moroz\Desktop\solid-zip\src\SolidZip\Modules\StateMachines\ExplorerStateMachine.cs(67,84): warning CS8604: ╨Т╨╛╨╖╨╝╨╛╨╢╨╜╨╛, ╨░╤А╨│╤Г╨╝╨╡╨╜╤В-╤Б╤Б╤Л╨╗╨║╨░, ╨┤╨╛╨┐╤Г╤Б╨║╨░╤О╤Й╨╕╨╣ ╨╖╨╜╨░╤З╨╡╨╜╨╕╨╡ NULL, ╨┤╨╗╤П ╨┐╨░╤А╨░╨╝╨╡╤В╤А╨░ "reader" ╨▓ "FileEntity IArchiveDirectorySearcher.Search(string path, string pattern, string archivePath, IArchiveReader reader)". [C:\Users\moroz\Desktop\solid-zip\src\SolidZip\SolidZip_5bogxl1o_wpftmp.csproj]
C:\Users\moroz\Desktop\solid-zip\src\SolidZip\Modules\LuaModules\LuaEventLoader.cs(3,21): warning CS8618: ╨┐╨╛╨╗╨╡ "_progress", ╨╜╨╡ ╨┤╨╛╨┐╤Г╤Б╨║╨░╤О╤Й╨╕╨╣ ╨╖╨╜╨░╤З╨╡╨╜╨╕╤П NULL, ╨┤╨╛╨╗╨╢╨╡╨╜ ╤Б╨╛╨┤╨╡╤А╨╢╨░╤В╤М ╨╖╨╜╨░╤З╨╡╨╜╨╕╨╡, ╨╛╤В╨╗╨╕╤З╨╜╨╛╨╡ ╨╛╤В NULL, ╨┐╤А╨╕ ╨▓╤Л╤Е╨╛╨┤╨╡ ╨╕╨╖ ╨║╨╛╨╜╤Б╤В╤А╤Г╨║╤В╨╛╤А╨░. ╨а╨░╤Б╤Б╨╝╨╛╤В╤А╨╕╤В╨╡ ╨▓╨╛╨╖╨╝╨╛╨╢╨╜╨╛╤Б╤В╤М ╨┤╨╛╨▒╨░╨▓╨╗╨╡╨╜╨╕╤П ╨╝╨╛╨┤╨╕╤Д╨╕╨║╨░╤В╨╛╤А╨░ "required" ╨╕╨╗╨╕ ╨╛╨▒╤К╤П╨▓╨╗╨╡╨╜╨╕╤П ╨╖╨╜╨░╤З╨╡╨╜╨╕╤П ╨┐╨╛╨╗╨╡, ╨┤╨╛╨┐╤Г╤Б╨║╨░╤О╤Й╨╡╨│╨╛ ╨╖╨╜╨░╤З╨╡╨╜╨╕╨╡ NULL. [C:\Users\moroz\Desktop\solid-zip\src\SolidZip\SolidZip_5bogxl1o_wpftmp.csproj]
C:\Users\moroz\Desktop\solid-zip\src\SolidZip\Modules\LuaModules\LuaUtils\LuaEventRedirector.cs(16,13): warning CS8604: ╨Т╨╛╨╖╨╝╨╛╨╢╨╜╨╛, ╨░╤А╨│╤Г╨╝╨╡╨╜╤В-╤Б╤Б╤Л╨╗╨║╨░, ╨┤╨╛╨┐╤Г╤Б╨║╨░╤О╤Й╨╕╨╣ ╨╖╨╜╨░╤З╨╡╨╜╨╕╨╡ NULL, ╨┤╨╗╤П ╨┐╨░╤А╨░╨╝╨╡╤В╤А╨░ "type" ╨▓ "Delegate Delegate.CreateDelegate(Type type, object? firstArgument, MethodInfo method)". [C:\Users\moroz\Desktop\solid-zip\src\SolidZip\SolidZip_5bogxl1o_wpftmp.csproj]
C:\Users\moroz\Desktop\solid-zip\src\SolidZip\Modules\LuaModules\LuaGlobalsLoader.cs(78,43): warning CS8604: ╨Т╨╛╨╖╨╝╨╛╨╢╨╜╨╛, ╨░╤А╨│╤Г╨╝╨╡╨╜╤В-╤Б╤Б╤Л╨╗╨║╨░, ╨┤╨╛╨┐╤Г╤Б╨║╨░╤О╤Й╨╕╨╣ ╨╖╨╜╨░╤З╨╡╨╜╨╕╨╡ NULL, ╨┤╨╗╤П ╨┐╨░╤А╨░╨╝╨╡╤В╤А╨░ "value" ╨▓ "void ILuaShared.AddOrUpdate(string name, object value)". [C:\Users\moroz\Desktop\solid-zip\src\SolidZip\SolidZip_5bogxl1o_wpftmp.csproj]
C:\Users\moroz\Desktop\solid-zip\src\SolidZip\ViewModels\SettingsViewModel.cs(130,65): warning CS8604: ╨Т╨╛╨╖╨╝╨╛╨╢╨╜╨╛, ╨░╤А╨│╤Г╨╝╨╡╨╜╤В-╤Б╤Б╤Л╨╗╨║╨░, ╨┤╨╛╨┐╤Г╤Б╨║╨░╤О╤Й╨╕╨╣ ╨╖╨╜╨░╤З╨╡╨╜╨╕╨╡ NULL, ╨┤╨╗╤П ╨┐╨░╤А╨░╨╝╨╡╤В╤А╨░ "value" ╨▓ "void ILuaUiData.AddOrUpdate(string name, object value)". [C:\Users\moroz\Desktop\solid-zip\src\SolidZip\SolidZip_5bogxl1o_wpftmp.csproj]
C:\Users\moroz\Desktop\solid-zip\src\SolidZip\Properties\GlobalUsings.cs(38,14): warning CS0105: ╨Ф╨╕╤А╨╡╨║╤В╨╕╨▓╨░ using ╨┤╨╗╤П "System.Windows" ╤А╨░╨╜╨╡╨╡ ╨▓╤Б╤В╤А╨╡╤З╨░╨╗╨░╤Б╤М ╨▓ ╤Н╤В╨╛╨╝ ╨┐╤А╨╛╤Б╤В╤А╨░╨╜╤Б╤В╨▓╨╡ ╨╕╨╝╨╡╨╜ [C:\Users\moroz\Desktop\solid-zip\src\SolidZip\SolidZip.csproj]
C:\Users\moroz\Desktop\solid-zip\src\SolidZip\Properties\GlobalUsings.cs(39,14): warning CS0105: ╨Ф╨╕╤А╨╡╨║╤В╨╕╨▓╨░ using ╨┤╨╗╤П "System.Windows.Controls" ╤А╨░╨╜╨╡╨╡ ╨▓╤Б╤В╤А╨╡╤З╨░╨╗╨░╤Б╤М ╨▓ ╤Н╤В╨╛╨╝ ╨┐╤А╨╛╤Б╤В╤А╨░╨╜╤Б╤В╨▓╨╡ ╨╕╨╝╨╡╨╜ [C:\Users\moroz\Desktop\solid-zip\src\SolidZip\SolidZip.csproj]
C:\Users\moroz\Desktop\solid-zip\src\SolidZip\Properties\GlobalUsings.cs(40,14): warning CS0105: ╨Ф╨╕╤А╨╡╨║╤В╨╕╨▓╨░ using ╨┤╨╗╤П "System.Windows.Media" ╤А╨░╨╜╨╡╨╡ ╨▓╤Б╤В╤А╨╡╤З╨░╨╗╨░╤Б╤М ╨▓ ╤Н╤В╨╛╨╝ ╨┐╤А╨╛╤Б╤В╤А╨░╨╜╤Б╤В╨▓╨╡ ╨╕╨╝╨╡╨╜ [C:\Users\moroz\Desktop\solid-zip\src\SolidZip\SolidZip.csproj]
C:\Users\moroz\Desktop\solid-zip\src\SolidZip\Properties\GlobalUsings.cs(42,14): warning CS0105: ╨Ф╨╕╤А╨╡╨║╤В╨╕╨▓╨░ using ╨┤╨╗╤П "System.Reflection" ╤А╨░╨╜╨╡╨╡ ╨▓╤Б╤В╤А╨╡╤З╨░╨╗╨░╤Б╤М ╨▓ ╤Н╤В╨╛╨╝ ╨┐╤А╨╛╤Б╤В╤А╨░╨╜╤Б╤В╨▓╨╡ ╨╕╨╝╨╡╨╜ [C:\Users\moroz\Desktop\solid-zip\src\SolidZip\SolidZip.csproj]
C:\Users\moroz\Desktop\solid-zip\src\SolidZip\Properties\GlobalUsings.cs(44,14): warning CS0105: ╨Ф╨╕╤А╨╡╨║╤В╨╕╨▓╨░ using ╨┤╨╗╤П "System.Collections.Concurrent" ╤А╨░╨╜╨╡╨╡ ╨▓╤Б╤В╤А╨╡╤З╨░╨╗╨░╤Б╤М ╨▓ ╤Н╤В╨╛╨╝ ╨┐╤А╨╛╤Б╤В╤А╨░╨╜╤Б╤В╨▓╨╡ ╨╕╨╝╨╡╨╜ [C:\Users\moroz\Desktop\solid-zip\src\SolidZip\SolidZip.csproj]
C:\Users\moroz\Desktop\solid-zip\src\SolidZip\Views\MarkupExtensions\ResolveViewAndViewModelExtension.cs(12,52): warning CS8602: ╨а╨░╨╖╤Л╨╝╨╡╨╜╨╛╨▓╨░╨╜╨╕╨╡ ╨▓╨╡╤А╨╛╤П╤В╨╜╨╛╨╣ ╨┐╤Г╤Б╤В╨╛╨╣ ╤Б╤Б╤Л╨╗╨║╨╕. [C:\Users\moroz\Desktop\solid-zip\src\SolidZip\SolidZip.csproj]
C:\Users\moroz\Desktop\solid-zip\src\SolidZip\Views\MainView.xaml.cs(36,13): warning CS8604: ╨Т╨╛╨╖╨╝╨╛╨╢╨╜╨╛, ╨░╤А╨│╤Г╨╝╨╡╨╜╤В-╤Б╤Б╤Л╨╗╨║╨░, ╨┤╨╛╨┐╤Г╤Б╨║╨░╤О╤Й╨╕╨╣ ╨╖╨╜╨░╤З╨╡╨╜╨╕╨╡ NULL, ╨┤╨╗╤П ╨┐╨░╤А╨░╨╝╨╡╤В╤А╨░ "loadingStyle" ╨▓ "void LuaMenuItemsLoader.LoadMenuItems(ItemsControl menuItem, Style? styleToUse, Style loadingStyle, object? args = null)". [C:\Users\moroz\Desktop\solid-zip\src\SolidZip\SolidZip.csproj]
C:\Users\moroz\Desktop\solid-zip\src\SolidZip\Core\Common\RetrySystem.cs(13,27): warning CS0168: ╨Я╨╡╤А╨╡╨╝╨╡╨╜╨╜╨░╤П "e" ╨╛╨▒╤К╤П╨▓╨╗╨╡╨╜╨░, ╨╜╨╛ ╨╜╨╕ ╤А╨░╨╖╤Г ╨╜╨╡ ╨╕╤Б╨┐╨╛╨╗╤М╨╖╨╛╨▓╨░╨╜╨░. [C:\Users\moroz\Desktop\solid-zip\src\SolidZip\SolidZip.csproj]
C:\Users\moroz\Desktop\solid-zip\src\SolidZip\ViewModels\SettingsViewModel.cs(31,12): warning CS8618: ╨┐╨╛╨╗╨╡ "_explorerViewStyles", ╨╜╨╡ ╨┤╨╛╨┐╤Г╤Б╨║╨░╤О╤Й╨╕╨╣ ╨╖╨╜╨░╤З╨╡╨╜╨╕╤П NULL, ╨┤╨╛╨╗╨╢╨╡╨╜ ╤Б╨╛╨┤╨╡╤А╨╢╨░╤В╤М ╨╖╨╜╨░╤З╨╡╨╜╨╕╨╡, ╨╛╤В╨╗╨╕╤З╨╜╨╛╨╡ ╨╛╤В NULL, ╨┐╤А╨╕ ╨▓╤Л╤Е╨╛╨┤╨╡ ╨╕╨╖ ╨║╨╛╨╜╤Б╤В╤А╤Г╨║╤В╨╛╤А╨░. ╨а╨░╤Б╤Б╨╝╨╛╤В╤А╨╕╤В╨╡ ╨▓╨╛╨╖╨╝╨╛╨╢╨╜╨╛╤Б╤В╤М ╨┤╨╛╨▒╨░╨▓╨╗╨╡╨╜╨╕╤П ╨╝╨╛╨┤╨╕╤Д╨╕╨║╨░╤В╨╛╤А╨░ "required" ╨╕╨╗╨╕ ╨╛╨▒╤К╤П╨▓╨╗╨╡╨╜╨╕╤П ╨╖╨╜╨░╤З╨╡╨╜╨╕╤П ╨┐╨╛╨╗╨╡, ╨┤╨╛╨┐╤Г╤Б╨║╨░╤О╤Й╨╡╨│╨╛ ╨╖╨╜╨░╤З╨╡╨╜╨╕╨╡ NULL. [C:\Users\moroz\Desktop\solid-zip\src\SolidZip\SolidZip.csproj]
C:\Users\moroz\Desktop\solid-zip\src\SolidZip\ViewModels\SettingsViewModel.cs(31,12): warning CS8618: ╨┐╨╛╨╗╨╡ "_currentCulture", ╨╜╨╡ ╨┤╨╛╨┐╤Г╤Б╨║╨░╤О╤Й╨╕╨╣ ╨╖╨╜╨░╤З╨╡╨╜╨╕╤П NULL, ╨┤╨╛╨╗╨╢╨╡╨╜ ╤Б╨╛╨┤╨╡╤А╨╢╨░╤В╤М ╨╖╨╜╨░╤З╨╡╨╜╨╕╨╡, ╨╛╤В╨╗╨╕╤З╨╜╨╛╨╡ ╨╛╤В NULL, ╨┐╤А╨╕ ╨▓╤Л╤Е╨╛╨┤╨╡ ╨╕╨╖ ╨║╨╛╨╜╤Б╤В╤А╤Г╨║╤В╨╛╤А╨░. ╨а╨░╤Б╤Б╨╝╨╛╤В╤А╨╕╤В╨╡ ╨▓╨╛╨╖╨╝╨╛╨╢╨╜╨╛╤Б╤В╤М ╨┤╨╛╨▒╨░╨▓╨╗╨╡╨╜╨╕╤П ╨╝╨╛╨┤╨╕╤Д╨╕╨║╨░╤В╨╛╤А╨░ "required" ╨╕╨╗╨╕ ╨╛╨▒╤К╤П╨▓╨╗╨╡╨╜╨╕╤П ╨╖╨╜╨░╤З╨╡╨╜╨╕╤П ╨┐╨╛╨╗╨╡, ╨┤╨╛╨┐╤Г╤Б╨║╨░╤О╤Й╨╡╨│╨╛ ╨╖╨╜╨░╤З╨╡╨╜╨╕╨╡ NULL. [C:\Users\moroz\Desktop\solid-zip\src\SolidZip\SolidZip.csproj]
C:\Users\moroz\Desktop\solid-zip\src\SolidZip\ViewModels\SettingsViewModel.cs(31,12): warning CS8618: ╨┐╨╛╨╗╨╡ "_explorerElementsView", ╨╜╨╡ ╨┤╨╛╨┐╤Г╤Б╨║╨░╤О╤Й╨╕╨╣ ╨╖╨╜╨░╤З╨╡╨╜╨╕╤П NULL, ╨┤╨╛╨╗╨╢╨╡╨╜ ╤Б╨╛╨┤╨╡╤А╨╢╨░╤В╤М ╨╖╨╜╨░╤З╨╡╨╜╨╕╨╡, ╨╛╤В╨╗╨╕╤З╨╜╨╛╨╡ ╨╛╤В NULL, ╨┐╤А╨╕ ╨▓╤Л╤Е╨╛╨┤╨╡ ╨╕╨╖ ╨║╨╛╨╜╤Б╤В╤А╤Г╨║╤В╨╛╤А╨░. ╨а╨░╤Б╤Б╨╝╨╛╤В╤А╨╕╤В╨╡ ╨▓╨╛╨╖╨╝╨╛╨╢╨╜╨╛╤Б╤В╤М ╨┤╨╛╨▒╨░╨▓╨╗╨╡╨╜╨╕╤П ╨╝╨╛╨┤╨╕╤Д╨╕╨║╨░╤В╨╛╤А╨░ "required" ╨╕╨╗╨╕ ╨╛╨▒╤К╤П╨▓╨╗╨╡╨╜╨╕╤П ╨╖╨╜╨░╤З╨╡╨╜╨╕╤П ╨┐╨╛╨╗╨╡, ╨┤╨╛╨┐╤Г╤Б╨║╨░╤О╤Й╨╡╨│╨╛ ╨╖╨╜╨░╤З╨╡╨╜╨╕╨╡ NULL. [C:\Users\moroz\Desktop\solid-zip\src\SolidZip\SolidZip.csproj]
C:\Users\moroz\Desktop\solid-zip\src\SolidZip\ViewModels\SettingsViewModel.cs(31,12): warning CS8618: ╨┐╨╛╨╗╨╡ "_currentTheme", ╨╜╨╡ ╨┤╨╛╨┐╤Г╤Б╨║╨░╤О╤Й╨╕╨╣ ╨╖╨╜╨░╤З╨╡╨╜╨╕╤П NULL, ╨┤╨╛╨╗╨╢╨╡╨╜ ╤Б╨╛╨┤╨╡╤А╨╢╨░╤В╤М ╨╖╨╜╨░╤З╨╡╨╜╨╕╨╡, ╨╛╤В╨╗╨╕╤З╨╜╨╛╨╡ ╨╛╤В NULL, ╨┐╤А╨╕ ╨▓╤Л╤Е╨╛╨┤╨╡ ╨╕╨╖ ╨║╨╛╨╜╤Б╤В╤А╤Г╨║╤В╨╛╤А╨░. ╨а╨░╤Б╤Б╨╝╨╛╤В╤А╨╕╤В╨╡ ╨▓╨╛╨╖╨╝╨╛╨╢╨╜╨╛╤Б╤В╤М ╨┤╨╛╨▒╨░╨▓╨╗╨╡╨╜╨╕╤П ╨╝╨╛╨┤╨╕╤Д╨╕╨║╨░╤В╨╛╤А╨░ "required" ╨╕╨╗╨╕ ╨╛╨▒╤К╤П╨▓╨╗╨╡╨╜╨╕╤П ╨╖╨╜╨░╤З╨╡╨╜╨╕╤П ╨┐╨╛╨╗╨╡, ╨┤╨╛╨┐╤Г╤Б╨║╨░╤О╤Й╨╡╨│╨╛ ╨╖╨╜╨░╤З╨╡╨╜╨╕╨╡ NULL. [C:\Users\moroz\Desktop\solid-zip\src\SolidZip\SolidZip.csproj]
C:\Users\moroz\Desktop\solid-zip\src\SolidZip\ViewModels\SettingsViewModel.cs(31,12): warning CS8618: ╨┐╨╛╨╗╨╡ "_rootDirectoryAdditionalContent", ╨╜╨╡ ╨┤╨╛╨┐╤Г╤Б╨║╨░╤О╤Й╨╕╨╣ ╨╖╨╜╨░╤З╨╡╨╜╨╕╤П NULL, ╨┤╨╛╨╗╨╢╨╡╨╜ ╤Б╨╛╨┤╨╡╤А╨╢╨░╤В╤М ╨╖╨╜╨░╤З╨╡╨╜╨╕╨╡, ╨╛╤В╨╗╨╕╤З╨╜╨╛╨╡ ╨╛╤В NULL, ╨┐╤А╨╕ ╨▓╤Л╤Е╨╛╨┤╨╡ ╨╕╨╖ ╨║╨╛╨╜╤Б╤В╤А╤Г╨║╤В╨╛╤А╨░. ╨а╨░╤Б╤Б╨╝╨╛╤В╤А╨╕╤В╨╡ ╨▓╨╛╨╖╨╝╨╛╨╢╨╜╨╛╤Б╤В╤М ╨┤╨╛╨▒╨░╨▓╨╗╨╡╨╜╨╕╤П ╨╝╨╛╨┤╨╕╤Д╨╕╨║╨░╤В╨╛╤А╨░ "required" ╨╕╨╗╨╕ ╨╛╨▒╤К╤П╨▓╨╗╨╡╨╜╨╕╤П ╨╖╨╜╨░╤З╨╡╨╜╨╕╤П ╨┐╨╛╨╗╨╡, ╨┤╨╛╨┐╤Г╤Б╨║╨░╤О╤Й╨╡╨│╨╛ ╨╖╨╜╨░╤З╨╡╨╜╨╕╨╡ NULL. [C:\Users\moroz\Desktop\solid-zip\src\SolidZip\SolidZip.csproj]
C:\Users\moroz\Desktop\solid-zip\src\SolidZip\ViewModels\SettingsViewModel.cs(31,12): warning CS8618: ╨┐╨╛╨╗╨╡ "_localizedExplorerViewStylesDictionary", ╨╜╨╡ ╨┤╨╛╨┐╤Г╤Б╨║╨░╤О╤Й╨╕╨╣ ╨╖╨╜╨░╤З╨╡╨╜╨╕╤П NULL, ╨┤╨╛╨╗╨╢╨╡╨╜ ╤Б╨╛╨┤╨╡╤А╨╢╨░╤В╤М ╨╖╨╜╨░╤З╨╡╨╜╨╕╨╡, ╨╛╤В╨╗╨╕╤З╨╜╨╛╨╡ ╨╛╤В NULL, ╨┐╤А╨╕ ╨▓╤Л╤Е╨╛╨┤╨╡ ╨╕╨╖ ╨║╨╛╨╜╤Б╤В╤А╤Г╨║╤В╨╛╤А╨░. ╨а╨░╤Б╤Б╨╝╨╛╤В╤А╨╕╤В╨╡ ╨▓╨╛╨╖╨╝╨╛╨╢╨╜╨╛╤Б╤В╤М ╨┤╨╛╨▒╨░╨▓╨╗╨╡╨╜╨╕╤П ╨╝╨╛╨┤╨╕╤Д╨╕╨║╨░╤В╨╛╤А╨░ "required" ╨╕╨╗╨╕ ╨╛╨▒╤К╤П╨▓╨╗╨╡╨╜╨╕╤П ╨╖╨╜╨░╤З╨╡╨╜╨╕╤П ╨┐╨╛╨╗╨╡, ╨┤╨╛╨┐╤Г╤Б╨║╨░╤О╤Й╨╡╨│╨╛ ╨╖╨╜╨░╤З╨╡╨╜╨╕╨╡ NULL. [C:\Users\moroz\Desktop\solid-zip\src\SolidZip\SolidZip.csproj]
C:\Users\moroz\Desktop\solid-zip\src\SolidZip\ViewModels\MainViewModel.cs(36,9): warning CS4014: ╨Я╨╛╤Б╨║╨╛╨╗╤М╨║╤Г ╤Н╤В╨╛╤В ╨▓╤Л╨╖╨╛╨▓ ╨╜╨╡ ╨╛╨╢╨╕╨┤╨░╨╡╤В╤Б╤П, ╨▓╤Л╨┐╨╛╨╗╨╜╨╡╨╜╨╕╨╡ ╤В╨╡╨║╤Г╤Й╨╡╨│╨╛ ╨╝╨╡╤В╨╛╨┤╨░ ╨┐╤А╨╛╨┤╨╛╨╗╨╢╨░╨╡╤В╤Б╤П ╨┤╨╛ ╨╖╨░╨▓╨╡╤А╤И╨╡╨╜╨╕╤П ╨▓╤Л╨╖╨╛╨▓╨░. ╨Я╨╛╨┐╤А╨╛╨▒╤Г╨╣╤В╨╡ ╨┐╤А╨╕╨╝╨╡╨╜╨╕╤В╤М ╨╛╨┐╨╡╤А╨░╤В╨╛╤А await ╨║ ╤А╨╡╨╖╤Г╨╗╤М╤В╨░╤В╤Г ╨▓╤Л╨╖╨╛╨▓╨░. [C:\Users\moroz\Desktop\solid-zip\src\SolidZip\SolidZip.csproj]
C:\Users\moroz\Desktop\solid-zip\src\SolidZip\Core\Common\RetrySystem.cs(32,27): warning CS0168: ╨Я╨╡╤А╨╡╨╝╨╡╨╜╨╜╨░╤П "e" ╨╛╨▒╤К╤П╨▓╨╗╨╡╨╜╨░, ╨╜╨╛ ╨╜╨╕ ╤А╨░╨╖╤Г ╨╜╨╡ ╨╕╤Б╨┐╨╛╨╗╤М╨╖╨╛╨▓╨░╨╜╨░. [C:\Users\moroz\Desktop\solid-zip\src\SolidZip\SolidZip.csproj]
C:\Users\moroz\Desktop\solid-zip\src\SolidZip\App.xaml.cs(6,26): warning CS8618: ╨┐╨╛╨╗╨╡ "_logger", ╨╜╨╡ ╨┤╨╛╨┐╤Г╤Б╨║╨░╤О╤Й╨╕╨╣ ╨╖╨╜╨░╤З╨╡╨╜╨╕╤П NULL, ╨┤╨╛╨╗╨╢╨╡╨╜ ╤Б╨╛╨┤╨╡╤А╨╢╨░╤В╤М ╨╖╨╜╨░╤З╨╡╨╜╨╕╨╡, ╨╛╤В╨╗╨╕╤З╨╜╨╛╨╡ ╨╛╤В NULL, ╨┐╤А╨╕ ╨▓╤Л╤Е╨╛╨┤╨╡ ╨╕╨╖ ╨║╨╛╨╜╤Б╤В╤А╤Г╨║╤В╨╛╤А╨░. ╨а╨░╤Б╤Б╨╝╨╛╤В╤А╨╕╤В╨╡ ╨▓╨╛╨╖╨╝╨╛╨╢╨╜╨╛╤Б╤В╤М ╨┤╨╛╨▒╨░╨▓╨╗╨╡╨╜╨╕╤П ╨╝╨╛╨┤╨╕╤Д╨╕╨║╨░╤В╨╛╤А╨░ "required" ╨╕╨╗╨╕ ╨╛╨▒╤К╤П╨▓╨╗╨╡╨╜╨╕╤П ╨╖╨╜╨░╤З╨╡╨╜╨╕╤П ╨┐╨╛╨╗╨╡, ╨┤╨╛╨┐╤Г╤Б╨║╨░╤О╤Й╨╡╨│╨╛ ╨╖╨╜╨░╤З╨╡╨╜╨╕╨╡ NULL. [C:\Users\moroz\Desktop\solid-zip\src\SolidZip\SolidZip.csproj]
C:\Users\moroz\Desktop\solid-zip\src\SolidZip\ViewModels\MainViewModel.cs(72,13): warning CS4014: ╨Я╨╛╤Б╨║╨╛╨╗╤М╨║╤Г ╤Н╤В╨╛╤В ╨▓╤Л╨╖╨╛╨▓ ╨╜╨╡ ╨╛╨╢╨╕╨┤╨░╨╡╤В╤Б╤П, ╨▓╤Л╨┐╨╛╨╗╨╜╨╡╨╜╨╕╨╡ ╤В╨╡╨║╤Г╤Й╨╡╨│╨╛ ╨╝╨╡╤В╨╛╨┤╨░ ╨┐╤А╨╛╨┤╨╛╨╗╨╢╨░╨╡╤В╤Б╤П ╨┤╨╛ ╨╖╨░╨▓╨╡╤А╤И╨╡╨╜╨╕╤П ╨▓╤Л╨╖╨╛╨▓╨░. ╨Я╨╛╨┐╤А╨╛╨▒╤Г╨╣╤В╨╡ ╨┐╤А╨╕╨╝╨╡╨╜╨╕╤В╤М ╨╛╨┐╨╡╤А╨░╤В╨╛╤А await ╨║ ╤А╨╡╨╖╤Г╨╗╤М╤В╨░╤В╤Г ╨▓╤Л╨╖╨╛╨▓╨░. [C:\Users\moroz\Desktop\solid-zip\src\SolidZip\SolidZip.csproj]
C:\Users\moroz\Desktop\solid-zip\src\SolidZip\Startup.cs(30,54): warning CS8600: ╨Я╤А╨╡╨╛╨▒╤А╨░╨╖╨╛╨▓╨░╨╜╨╕╨╡ ╨╗╨╕╤В╨╡╤А╨░╨╗╨░, ╨┤╨╛╨┐╤Г╤Б╨║╨░╤О╤Й╨╡╨│╨╛ ╨╖╨╜╨░╤З╨╡╨╜╨╕╨╡ NULL ╨╕╨╗╨╕ ╨▓╨╛╨╖╨╝╨╛╨╢╨╜╨╛╨│╨╛ ╨╖╨╜╨░╤З╨╡╨╜╨╕╤П NULL ╨▓ ╤В╨╕╨┐, ╨╜╨╡ ╨┤╨╛╨┐╤Г╤Б╨║╨░╤О╤Й╨╕╨╣ ╨╖╨╜╨░╤З╨╡╨╜╨╕╨╡ NULL. [C:\Users\moroz\Desktop\solid-zip\src\SolidZip\SolidZip.csproj]
C:\Users\moroz\Desktop\solid-zip\src\SolidZip\Modules\Archiving\ZipArchiveReader.cs(4,21): warning CS8618: ╨┐╨╛╨╗╨╡ "_zip", ╨╜╨╡ ╨┤╨╛╨┐╤Г╤Б╨║╨░╤О╤Й╨╕╨╣ ╨╖╨╜╨░╤З╨╡╨╜╨╕╤П NULL, ╨┤╨╛╨╗╨╢╨╡╨╜ ╤Б╨╛╨┤╨╡╤А╨╢╨░╤В╤М ╨╖╨╜╨░╤З╨╡╨╜╨╕╨╡, ╨╛╤В╨╗╨╕╤З╨╜╨╛╨╡ ╨╛╤В NULL, ╨┐╤А╨╕ ╨▓╤Л╤Е╨╛╨┤╨╡ ╨╕╨╖ ╨║╨╛╨╜╤Б╤В╤А╤Г╨║╤В╨╛╤А╨░. ╨а╨░╤Б╤Б╨╝╨╛╤В╤А╨╕╤В╨╡ ╨▓╨╛╨╖╨╝╨╛╨╢╨╜╨╛╤Б╤В╤М ╨┤╨╛╨▒╨░╨▓╨╗╨╡╨╜╨╕╤П ╨╝╨╛╨┤╨╕╤Д╨╕╨║╨░╤В╨╛╤А╨░ "required" ╨╕╨╗╨╕ ╨╛╨▒╤К╤П╨▓╨╗╨╡╨╜╨╕╤П ╨╖╨╜╨░╤З╨╡╨╜╨╕╤П ╨┐╨╛╨╗╨╡, ╨┤╨╛╨┐╤Г╤Б╨║╨░╤О╤Й╨╡╨│╨╛ ╨╖╨╜╨░╤З╨╡╨╜╨╕╨╡ NULL. [C:\Users\moroz\Desktop\solid-zip\src\SolidZip\SolidZip.csproj]
C:\Users\moroz\Desktop\solid-zip\src\SolidZip\Core\Utils\ApplicationViewsLoader.cs(7,16): warning CS8603: ╨Т╨╛╨╖╨╝╨╛╨╢╨╜╨╛, ╨▓╨╛╨╖╨▓╤А╨░╤В ╤Б╤Б╤Л╨╗╨║╨╕, ╨┤╨╛╨┐╤Г╤Б╨║╨░╤О╤Й╨╡╨╣ ╨╖╨╜╨░╤З╨╡╨╜╨╕╨╡ NULL. [C:\Users\moroz\Desktop\solid-zip\src\SolidZip\SolidZip.csproj]
C:\Users\moroz\Desktop\solid-zip\src\SolidZip\ViewModels\MainViewModel.cs(87,13): warning CS4014: ╨Я╨╛╤Б╨║╨╛╨╗╤М╨║╤Г ╤Н╤В╨╛╤В ╨▓╤Л╨╖╨╛╨▓ ╨╜╨╡ ╨╛╨╢╨╕╨┤╨░╨╡╤В╤Б╤П, ╨▓╤Л╨┐╨╛╨╗╨╜╨╡╨╜╨╕╨╡ ╤В╨╡╨║╤Г╤Й╨╡╨│╨╛ ╨╝╨╡╤В╨╛╨┤╨░ ╨┐╤А╨╛╨┤╨╛╨╗╨╢╨░╨╡╤В╤Б╤П ╨┤╨╛ ╨╖╨░╨▓╨╡╤А╤И╨╡╨╜╨╕╤П ╨▓╤Л╨╖╨╛╨▓╨░. ╨Я╨╛╨┐╤А╨╛╨▒╤Г╨╣╤В╨╡ ╨┐╤А╨╕╨╝╨╡╨╜╨╕╤В╤М ╨╛╨┐╨╡╤А╨░╤В╨╛╤А await ╨║ ╤А╨╡╨╖╤Г╨╗╤М╤В╨░╤В╤Г ╨▓╤Л╨╖╨╛╨▓╨░. [C:\Users\moroz\Desktop\solid-zip\src\SolidZip\SolidZip.csproj]
C:\Users\moroz\Desktop\solid-zip\src\SolidZip\ViewModels\SettingsViewModel.cs(130,65): warning CS8604: ╨Т╨╛╨╖╨╝╨╛╨╢╨╜╨╛, ╨░╤А╨│╤Г╨╝╨╡╨╜╤В-╤Б╤Б╤Л╨╗╨║╨░, ╨┤╨╛╨┐╤Г╤Б╨║╨░╤О╤Й╨╕╨╣ ╨╖╨╜╨░╤З╨╡╨╜╨╕╨╡ NULL, ╨┤╨╗╤П ╨┐╨░╤А╨░╨╝╨╡╤В╤А╨░ "value" ╨▓ "void ILuaUiData.AddOrUpdate(string name, object value)". [C:\Users\moroz\Desktop\solid-zip\src\SolidZip\SolidZip.csproj]
C:\Users\moroz\Desktop\solid-zip\src\SolidZip\Modules\Explorer\ExplorerHistory.cs(43,35): warning CS8604: ╨Т╨╛╨╖╨╝╨╛╨╢╨╜╨╛, ╨░╤А╨│╤Г╨╝╨╡╨╜╤В-╤Б╤Б╤Л╨╗╨║╨░, ╨┤╨╛╨┐╤Г╤Б╨║╨░╤О╤Й╨╕╨╣ ╨╖╨╜╨░╤З╨╡╨╜╨╕╨╡ NULL, ╨┤╨╗╤П ╨┐╨░╤А╨░╨╝╨╡╤В╤А╨░ "node" ╨▓ "void LinkedList<FileEntity>.AddAfter(LinkedListNode<FileEntity> node, LinkedListNode<FileEntity> newNode)". [C:\Users\moroz\Desktop\solid-zip\src\SolidZip\SolidZip.csproj]
C:\Users\moroz\Desktop\solid-zip\src\SolidZip\Modules\StateMachines\ExplorerStateMachine.cs(67,70): warning CS8604: ╨Т╨╛╨╖╨╝╨╛╨╢╨╜╨╛, ╨░╤А╨│╤Г╨╝╨╡╨╜╤В-╤Б╤Б╤Л╨╗╨║╨░, ╨┤╨╛╨┐╤Г╤Б╨║╨░╤О╤Й╨╕╨╣ ╨╖╨╜╨░╤З╨╡╨╜╨╕╨╡ NULL, ╨┤╨╗╤П ╨┐╨░╤А╨░╨╝╨╡╤В╤А╨░ "archivePath" ╨▓ "FileEntity IArchiveDirectorySearcher.Search(string path, string pattern, string archivePath, IArchiveReader reader)". [C:\Users\moroz\Desktop\solid-zip\src\SolidZip\SolidZip.csproj]
C:\Users\moroz\Desktop\solid-zip\src\SolidZip\Modules\StateMachines\ExplorerStateMachine.cs(67,84): warning CS8604: ╨Т╨╛╨╖╨╝╨╛╨╢╨╜╨╛, ╨░╤А╨│╤Г╨╝╨╡╨╜╤В-╤Б╤Б╤Л╨╗╨║╨░, ╨┤╨╛╨┐╤Г╤Б╨║╨░╤О╤Й╨╕╨╣ ╨╖╨╜╨░╤З╨╡╨╜╨╕╨╡ NULL, ╨┤╨╗╤П ╨┐╨░╤А╨░╨╝╨╡╤В╤А╨░ "reader" ╨▓ "FileEntity IArchiveDirectorySearcher.Search(string path, string pattern, string archivePath, IArchiveReader reader)". [C:\Users\moroz\Desktop\solid-zip\src\SolidZip\SolidZip.csproj]
C:\Users\moroz\Desktop\solid-zip\src\SolidZip\Modules\Explorer\ExplorerHistory.cs(58,30): warning CS8602: ╨а╨░╨╖╤Л╨╝╨╡╨╜╨╛╨▓╨░╨╜╨╕╨╡ ╨▓╨╡╤А╨╛╤П╤В╨╜╨╛╨╣ ╨┐╤Г╤Б╤В╨╛╨╣ ╤Б╤Б╤Л╨╗╨║╨╕. [C:\Users\moroz\Desktop\solid-zip\src\SolidZip\SolidZip.csproj]
C:\Users\moroz\Desktop\solid-zip\src\SolidZip\Modules\Explorer\ExplorerHistory.cs(58,30): warning CS8602: ╨а╨░╨╖╤Л╨╝╨╡╨╜╨╛╨▓╨░╨╜╨╕╨╡ ╨▓╨╡╤А╨╛╤П╤В╨╜╨╛╨╣ ╨┐╤Г╤Б╤В╨╛╨╣ ╤Б╤Б╤Л╨╗╨║╨╕. [C:\Users\moroz\Desktop\solid-zip\src\SolidZip\SolidZip.csproj]
C:\Users\moroz\Desktop\solid-zip\src\SolidZip\Modules\Explorer\ExplorerHistory.cs(71,26): warning CS8602: ╨а╨░╨╖╤Л╨╝╨╡╨╜╨╛╨▓╨░╨╜╨╕╨╡ ╨▓╨╡╤А╨╛╤П╤В╨╜╨╛╨╣ ╨┐╤Г╤Б╤В╨╛╨╣ ╤Б╤Б╤Л╨╗╨║╨╕. [C:\Users\moroz\Desktop\solid-zip\src\SolidZip\SolidZip.csproj]
C:\Users\moroz\Desktop\solid-zip\src\SolidZip\Modules\Explorer\ExplorerHistory.cs(71,26): warning CS8602: ╨а╨░╨╖╤Л╨╝╨╡╨╜╨╛╨▓╨░╨╜╨╕╨╡ ╨▓╨╡╤А╨╛╤П╤В╨╜╨╛╨╣ ╨┐╤Г╤Б╤В╨╛╨╣ ╤Б╤Б╤Л╨╗╨║╨╕. [C:\Users\moroz\Desktop\solid-zip\src\SolidZip\SolidZip.csproj]
C:\Users\moroz\Desktop\solid-zip\src\SolidZip\Modules\Archiving\ArchiveDirectorySearcher.cs(3,73): warning CS9113: ╨Я╨░╤А╨░╨╝╨╡╤В╤А "logger" ╨╜╨╡ ╨┐╤А╨╛╤З╨╕╤В╨░╨╜. [C:\Users\moroz\Desktop\solid-zip\src\SolidZip\SolidZip.csproj]
C:\Users\moroz\Desktop\solid-zip\src\SolidZip\Modules\Archiving\ArchiveDirectorySearcher.cs(10,13): warning CS0219: ╨Я╨╡╤А╨╡╨╝╨╡╨╜╨╜╨╛╨╣ "mustAddRootDirectory" ╨┐╤А╨╕╤Б╨▓╨╛╨╡╨╜╨╛ ╨╖╨╜╨░╤З╨╡╨╜╨╕╨╡, ╨╜╨╛ ╨╛╨╜╨╛ ╨╜╨╕ ╤А╨░╨╖╤Г ╨╜╨╡ ╨╕╤Б╨┐╨╛╨╗╤М╨╖╨╛╨▓╨░╨╜╨╛. [C:\Users\moroz\Desktop\solid-zip\src\SolidZip\SolidZip.csproj]
C:\Users\moroz\Desktop\solid-zip\src\SolidZip\Modules\Explorer\Explorer.cs(35,44): warning CS0168: ╨Я╨╡╤А╨╡╨╝╨╡╨╜╨╜╨░╤П "e" ╨╛╨▒╤К╤П╨▓╨╗╨╡╨╜╨░, ╨╜╨╛ ╨╜╨╕ ╤А╨░╨╖╤Г ╨╜╨╡ ╨╕╤Б╨┐╨╛╨╗╤М╨╖╨╛╨▓╨░╨╜╨░. [C:\Users\moroz\Desktop\solid-zip\src\SolidZip\SolidZip.csproj]
C:\Users\moroz\Desktop\solid-zip\src\SolidZip\Modules\LuaModules\LuaEventLoader.cs(3,21): warning CS8618: ╨┐╨╛╨╗╨╡ "_progress", ╨╜╨╡ ╨┤╨╛╨┐╤Г╤Б╨║╨░╤О╤Й╨╕╨╣ ╨╖╨╜╨░╤З╨╡╨╜╨╕╤П NULL, ╨┤╨╛╨╗╨╢╨╡╨╜ ╤Б╨╛╨┤╨╡╤А╨╢╨░╤В╤М ╨╖╨╜╨░╤З╨╡╨╜╨╕╨╡, ╨╛╤В╨╗╨╕╤З╨╜╨╛╨╡ ╨╛╤В NULL, ╨┐╤А╨╕ ╨▓╤Л╤Е╨╛╨┤╨╡ ╨╕╨╖ ╨║╨╛╨╜╤Б╤В╤А╤Г╨║╤В╨╛╤А╨░. ╨а╨░╤Б╤Б╨╝╨╛╤В╤А╨╕╤В╨╡ ╨▓╨╛╨╖╨╝╨╛╨╢╨╜╨╛╤Б╤В╤М ╨┤╨╛╨▒╨░╨▓╨╗╨╡╨╜╨╕╤П ╨╝╨╛╨┤╨╕╤Д╨╕╨║╨░╤В╨╛╤А╨░ "required" ╨╕╨╗╨╕ ╨╛╨▒╤К╤П╨▓╨╗╨╡╨╜╨╕╤П ╨╖╨╜╨░╤З╨╡╨╜╨╕╤П ╨┐╨╛╨╗╨╡, ╨┤╨╛╨┐╤Г╤Б╨║╨░╤О╤Й╨╡╨│╨╛ ╨╖╨╜╨░╤З╨╡╨╜╨╕╨╡ NULL. [C:\Users\moroz\Desktop\solid-zip\src\SolidZip\SolidZip.csproj]
C:\Users\moroz\Desktop\solid-zip\src\SolidZip\Modules\LuaModules\LuaUtils\LuaEventRedirector.cs(16,13): warning CS8604: ╨Т╨╛╨╖╨╝╨╛╨╢╨╜╨╛, ╨░╤А╨│╤Г╨╝╨╡╨╜╤В-╤Б╤Б╤Л╨╗╨║╨░, ╨┤╨╛╨┐╤Г╤Б╨║╨░╤О╤Й╨╕╨╣ ╨╖╨╜╨░╤З╨╡╨╜╨╕╨╡ NULL, ╨┤╨╗╤П ╨┐╨░╤А╨░╨╝╨╡╤В╤А╨░ "type" ╨▓ "Delegate Delegate.CreateDelegate(Type type, object? firstArgument, MethodInfo method)". [C:\Users\moroz\Desktop\solid-zip\src\SolidZip\SolidZip.csproj]
C:\Users\moroz\Desktop\solid-zip\src\SolidZip\Views\Behaviors\ItemDoubleClickBehavior.cs(93,16): warning CS8603: ╨Т╨╛╨╖╨╝╨╛╨╢╨╜╨╛, ╨▓╨╛╨╖╨▓╤А╨░╤В ╤Б╤Б╤Л╨╗╨║╨╕, ╨┤╨╛╨┐╤Г╤Б╨║╨░╤О╤Й╨╡╨╣ ╨╖╨╜╨░╤З╨╡╨╜╨╕╨╡ NULL. [C:\Users\moroz\Desktop\solid-zip\src\SolidZip\SolidZip.csproj]
C:\Users\moroz\Desktop\solid-zip\src\SolidZip\Modules\LuaModules\LuaGlobalsLoader.cs(78,43): warning CS8604: ╨Т╨╛╨╖╨╝╨╛╨╢╨╜╨╛, ╨░╤А╨│╤Г╨╝╨╡╨╜╤В-╤Б╤Б╤Л╨╗╨║╨░, ╨┤╨╛╨┐╤Г╤Б╨║╨░╤О╤Й╨╕╨╣ ╨╖╨╜╨░╤З╨╡╨╜╨╕╨╡ NULL, ╨┤╨╗╤П ╨┐╨░╤А╨░╨╝╨╡╤В╤А╨░ "value" ╨▓ "void ILuaShared.AddOrUpdate(string name, object value)". [C:\Users\moroz\Desktop\solid-zip\src\SolidZip\SolidZip.csproj]
MSBUILD : warning FodyPackageReference: Fody: The package reference for Costura.Fody is missing the 'compile' part in the IncludeAssets setting; it's recommended to completely remove IncludeAssets [C:\Users\moroz\Desktop\solid-zip\src\SolidZip\SolidZip.csproj]
  SolidZip -> C:\Users\moroz\Desktop\solid-zip\src\SolidZip\bin\Debug\net8.0-windows\SolidZip.dll
C:\Users\moroz\Desktop\solid-zip\tests\SolidZip.Tests\SzLuaTests\EventRaiserTests.cs(71,72): warning CS8604: ╨Т╨╛╨╖╨╝╨╛╨╢╨╜╨╛, ╨░╤А╨│╤Г╨╝╨╡╨╜╤В-╤Б╤Б╤Л╨╗╨║╨░, ╨┤╨╛╨┐╤Г╤Б╨║╨░╤О╤Й╨╕╨╣ ╨╖╨╜╨░╤З╨╡╨╜╨╕╨╡ NULL, ╨┤╨╗╤П ╨┐╨░╤А╨░╨╝╨╡╤В╤А╨░ "args" ╨▓ "ValueTask ILuaEventRaiser.RaiseBackground<string>(string @event, string args)". [C:\Users\moroz\Desktop\solid-zip\tests\SolidZip.Tests\SolidZip.Tests.csproj]
  SolidZip.Tests -> C:\Users\moroz\Desktop\solid-zip\tests\SolidZip.Tests\bin\Debug\net8.0-windows\SolidZip.Tests.dll
╨в╨╡╤Б╤В╨╛╨▓╤Л╨╣ ╨╖╨░╨┐╤Г╤Б╨║ ╨┤╨╗╤П C:\Users\moroz\Desktop\solid-zip\tests\SolidZip.Tests\bin\Debug\net8.0-windows\SolidZip.Tests.dll (.NETCoreApp,Version=v8.0)
╨Т╨╡╤А╤Б╨╕╤П VSTest 17.11.1 (x64)

╨Ч╨░╨┐╤Г╤Б╨║ ╨▓╤Л╨┐╨╛╨╗╨╜╨╡╨╜╨╕╤П ╤В╨╡╤Б╤В╨╛╨▓; ╨┐╨╛╨┤╨╛╨╢╨┤╨╕╤В╨╡...
╨Ю╨▒╤Й╨╡╨╡ ╨║╨╛╨╗╨╕╤З╨╡╤Б╤В╨▓╨╛ ╤В╨╡╤Б╤В╨╛╨▓╤Л╤Е ╤Д╨░╨╣╨╗╨╛╨▓ (1), ╤Б╨╛╨╛╤В╨▓╨╡╤В╤Б╤В╨▓╤Г╤О╤Й╨╕╤Е ╤Г╨║╨░╨╖╨░╨╜╨╜╨╛╨╝╤Г ╤И╨░╨▒╨╗╨╛╨╜╤Г.

╨Я╤А╨╛╨╣╨┤╨╡╨╜!   : ╨╜╨╡ ╨┐╤А╨╛╨╣╨┤╨╡╨╜╨╛     0, ╨┐╤А╨╛╨╣╨┤╨╡╨╜╨╛    25, ╨┐╤А╨╛╨┐╤Г╤Й╨╡╨╜╨╛     0, ╨▓╤Б╨╡╨│╨╛    25, ╨┤╨╗╨╕╤В╨╡╨╗╤М╨╜╨╛╤Б╤В╤М 1 s. - SolidZip.Tests.dll (net8.0)
